2026-09-10 06:18:56.817 root[75163:4288816] Error received in message reply handler: Connection invalid
2026-09-10 06:18:56.817 root[75163:4288820] Connection Invalid error for service com.apple.hiservices-xpcservice.

Processing macro/run_stage.C("yield")...
bin width : 2
xmin : 575, xmax : 1003
0
0
0
0
0
0
0
0
0
0
0
0
0
0
0
0
0
0
0
0
0.407089
0.407089
0.296131
0.221917
0.518289
0.258903
0.554792
0.592745
0.703945
0.629489
0.592262
0.851164
0.962365
0.964298
0.927312
2.81626
2.63012
2.62771
3.84849
4.29571
4.36581
5.29409
7.8106
12.3142
41.0957
141.224
345.446
601.206
881.865
1141.01
1334.4
1472.19
1559.22
1585.81
1578.56
1556.8
1518.12
1440.77
1339.24
1380.33
1793.71
2598.7
3662.35
4762.27
5821.08
6548.72
7148.23
7469.75
7755
8291.66
9674.41
11410.1
13392.4
15012
16099.8
16365.8
16341.6
16027.3
15640.5
15326.3
15592.2
16003.1
16220.7
15954.8
15132.9
13706.6
12111.1
10539.8
9207.85
8112.77
7380.3
6865.4
6311.82
5685.71
4902.48
3995.95
3219.97
2630.12
2284.44
2180.49
2219.17
2383.55
2465.74
2531.01
2615.62
2613.2
2601.12
2550.35
2531.01
2373.88
2274.77
2030.61
1730.85
1402.09
1080.82
788.07
533.519
359.95
236.421
157.131
111.925
82.3364
64.3027
54.2221
32.7557
23.1103
19.5084
13.755
7.66072
8.97337
8.40044
5.34728
7.08296
7.81543
5.63978
4.77194
5.78482
5.05961
5.63736
5.63978
4.3368
5.92503
2.1684
0
0.879931
0.947618
0.947618
1.35374
1.15068
1.42143
1.42143
0.812244
1.89524
1.96292
1.62449
2.03061
2.77517
2.0983
2.91054
2.84286
3.18129
4.46734
7.58095
14.8186
40.2013
108.589
255.035
474.051
721.109
1002.49
1269.13
1525.38
1716.35
1883.15
1994.35
2078.96
2105.55
2105.55
2086.21
2064.45
2037.86
1958.09
1871.06
1713.93
1542.3
1290.89
1066.07
832.792
615.469
453.02
315.47
216.357
152.779
112.336
78.0335
60.0964
45.3745
36.6235
28.7186
25.1892
18.1546
15.3263
11.9903
8.27232
8.06443
7.10714
6.49796
5.14421
5.34728
5.82108
5.7534
4.67041
4.60272
5.00884
N_beam (measured histogram integral) : 1.94083e+09
N_target : 3.02174e+23
Total yield : 195908
